// Jest Snapshot v1, https://goo.gl/fbAQLP

exports[`renders list 1`] = `
<ul
  class="css-19ndbdu"
>
  <li
    class="css-992tcj"
    style="opacity: 0; margin-bottom: 0px; height: 0px; visibility: hidden;"
  >
    <button
      class="css-159qfxn"
      type="button"
    >
      1
    </button>
  </li>
  <li
    class="css-992tcj"
    style="opacity: 0; margin-bottom: 0px; height: 0px; visibility: hidden;"
  >
    <button
      class="css-159qfxn"
      type="button"
    >
      2
    </button>
  </li>
  <li
    class="css-992tcj"
    style="opacity: 0; margin-bottom: 0px; height: 0px; visibility: hidden;"
  >
    <button
      class="css-159qfxn"
      type="button"
    >
      3
    </button>
  </li>
</ul>
`;
