// Jest Snapshot v1, https://goo.gl/fbAQLP

exports[`renders timer 1`] = `
<div
  class="css-acwcvw"
>
  <div
    class="css-1baulvz"
  >
    <button
      class="css-mwy6p6"
      data-active="true"
      type="button"
    >
      1 min
    </button>
    <button
      class="css-13bwko5"
      type="button"
    >
      2 min
    </button>
    <button
      class="css-1wc6wq4"
      type="button"
    >
      60
    </button>
  </div>
</div>
`;
