// Jest Snapshot v1, https://goo.gl/fbAQLP

exports[`renders timer 1`] = `
<div
  class="css-acwcvw"
>
  <div
    class="chakra-button__group css-1fszd1v"
    role="group"
  >
    <button
      class="chakra-button css-b4l5nn"
      data-active=""
      type="button"
    >
      1 min
    </button>
    <button
      class="chakra-button css-9lrt3j"
      type="button"
    >
      2 min
    </button>
    <button
      class="chakra-button css-aebrch"
      type="button"
    >
      60
    </button>
  </div>
</div>
`;
