// Jest Snapshot v1, https://goo.gl/fbAQLP

exports[`renders sets page 1`] = `
<div
  class="css-0"
>
  <ul
    class="css-1fblx5z"
    role="list"
  >
    <li
      class="css-0"
    >
      <button
        class="chakra-button css-d6j5nr"
        type="button"
      >
        Day 1
      </button>
    </li>
    <li
      class="css-0"
    >
      <button
        class="chakra-button css-1izurlz"
        type="button"
      >
        Day 2
      </button>
    </li>
    <li
      class="css-0"
    >
      <button
        class="chakra-button css-1izurlz"
        type="button"
      >
        Day 3
      </button>
    </li>
  </ul>
  <ul
    class="css-155za0w"
    role="list"
  >
    <li
      class="css-0"
      style="opacity: 0; margin-bottom: 0px; height: 0px; visibility: hidden;"
    >
      <button
        class="chakra-button css-q6bbzb"
        type="button"
      >
        10
      </button>
    </li>
    <li
      class="css-0"
      style="opacity: 0; margin-bottom: 0px; height: 0px; visibility: hidden;"
    >
      <button
        class="chakra-button css-q6bbzb"
        type="button"
      >
        12
      </button>
    </li>
    <li
      class="css-0"
      style="opacity: 0; margin-bottom: 0px; height: 0px; visibility: hidden;"
    >
      <button
        class="chakra-button css-q6bbzb"
        type="button"
      >
        7
      </button>
    </li>
    <li
      class="css-0"
      style="opacity: 0; margin-bottom: 0px; height: 0px; visibility: hidden;"
    >
      <button
        class="chakra-button css-q6bbzb"
        type="button"
      >
        7
      </button>
    </li>
    <li
      class="css-0"
      style="opacity: 0; margin-bottom: 0px; height: 0px; visibility: hidden;"
    >
      <button
        class="chakra-button css-q6bbzb"
        type="button"
      >
        9
      </button>
    </li>
  </ul>
</div>
`;
