// Jest Snapshot v1, https://goo.gl/fbAQLP

exports[`renders sets page 1`] = `
<div
  class="css-0"
>
  <ul
    class="css-sq7kq3"
  >
    <li
      class="css-992tcj"
    >
      <button
        class="css-1gaszxs"
        type="button"
      >
        Day 1
      </button>
    </li>
    <li
      class="css-992tcj"
    >
      <button
        class="css-7muntp"
        type="button"
      >
        Day 2
      </button>
    </li>
    <li
      class="css-992tcj"
    >
      <button
        class="css-7muntp"
        type="button"
      >
        Day 3
      </button>
    </li>
  </ul>
  <ul
    class="css-19ndbdu"
  >
    <li
      class="css-992tcj"
      style="opacity: 0; margin-bottom: 0px; height: 0px; visibility: hidden;"
    >
      <button
        class="css-159qfxn"
        type="button"
      >
        10
      </button>
    </li>
    <li
      class="css-992tcj"
      style="opacity: 0; margin-bottom: 0px; height: 0px; visibility: hidden;"
    >
      <button
        class="css-159qfxn"
        type="button"
      >
        12
      </button>
    </li>
    <li
      class="css-992tcj"
      style="opacity: 0; margin-bottom: 0px; height: 0px; visibility: hidden;"
    >
      <button
        class="css-159qfxn"
        type="button"
      >
        7
      </button>
    </li>
    <li
      class="css-992tcj"
      style="opacity: 0; margin-bottom: 0px; height: 0px; visibility: hidden;"
    >
      <button
        class="css-159qfxn"
        type="button"
      >
        7
      </button>
    </li>
    <li
      class="css-992tcj"
      style="opacity: 0; margin-bottom: 0px; height: 0px; visibility: hidden;"
    >
      <button
        class="css-159qfxn"
        type="button"
      >
        9
      </button>
    </li>
  </ul>
</div>
`;
