// Jest Snapshot v1, https://goo.gl/fbAQLP

exports[`renders list 1`] = `
<ul
  class="css-155za0w"
  role="list"
>
  <li
    class="css-0"
    style="opacity: 0; margin-bottom: 0px; height: 0px; visibility: hidden;"
  >
    <button
      class="chakra-button css-q6bbzb"
      type="button"
    >
      1
    </button>
  </li>
  <li
    class="css-0"
    style="opacity: 0; margin-bottom: 0px; height: 0px; visibility: hidden;"
  >
    <button
      class="chakra-button css-q6bbzb"
      type="button"
    >
      2
    </button>
  </li>
  <li
    class="css-0"
    style="opacity: 0; margin-bottom: 0px; height: 0px; visibility: hidden;"
  >
    <button
      class="chakra-button css-q6bbzb"
      type="button"
    >
      3
    </button>
  </li>
</ul>
`;
